Microchip MPLAB XC8 Compiler V3.10

Linker command line:

--edf=C:\Program Files\Microchip\xc8\v3.10\pic\dat\20250813170317_en.msgs \
  -pivt0x8=08h -cn -h+dist/default/debug\PAC1711_RX_Firmware.X.debug.sym \
  --cmf=dist/default/debug\PAC1711_RX_Firmware.X.debug.cmf -z -Q18F57Q43 \
  -oC:\Users\C77313\AppData\Local\Temp\xcAs3ak.0\driver_tmp_3.o \
  --defsym=__MPLAB_BUILD=1 --fixupoverflow=error \
  -Mdist/default/debug/PAC1711_RX_Firmware.X.debug.map \
  --md=C:\Users\C77313\AppData\Local\Temp\xcAs3ak.0\driver_tmp_0.dat -E1 \
  -ver=XC8 Compiler -ACODE=00h-01FFFFh -ACONST=00h-01FFFFh \
  -ASMALLCONST=02600h-026FFhx218,012600h-0126FFhx218 \
  -AMEDIUMCONST=02600h-0FFFFh,012600h-01FFFFh -ACOMRAM=0501h-055Fh \
  -AABS1=0500h-024FFh -ABIGRAM=0501h-024FFh \
  -ARAM=0560h-05FFh,0600h-06FFhx31 -ABANK5=0560h-05FFh -ABANK6=0600h-06FFh \
  -ABANK7=0700h-07FFh -ABANK8=0800h-08FFh -ABANK9=0900h-09FFh \
  -ABANK10=0A00h-0AFFh -ABANK11=0B00h-0BFFh -ABANK12=0C00h-0CFFh \
  -ABANK13=0D00h-0DFFh -ABANK14=0E00h-0EFFh -ABANK15=0F00h-0FFFh \
  -ABANK16=01000h-010FFh -ABANK17=01100h-011FFh -ABANK18=01200h-012FFh \
  -ABANK19=01300h-013FFh -ABANK20=01400h-014FFh -ABANK21=01500h-015FFh \
  -ABANK22=01600h-016FFh -ABANK23=01700h-017FFh -ABANK24=01800h-018FFh \
  -ABANK25=01900h-019FFh -ABANK26=01A00h-01AFFh -ABANK27=01B00h-01BFFh \
  -ABANK28=01C00h-01CFFh -ABANK29=01D00h-01DFFh -ABANK30=01E00h-01EFFh \
  -ABANK31=01F00h-01FFFh -ABANK32=02000h-020FFh -ABANK33=02100h-021FFh \
  -ABANK34=02200h-022FFh -ABANK35=02300h-023FFh -ABANK36=02400h-024FFh \
  -ASFR=00h-0FFhx4,0400h-045Fh,0460h-04FFh,02500h-025FFh \
  -ABIGSFR=00h-04FFh,02500h-025FFh -ACONFIG=0300000h-0300011h \
  -AIDLOC=0200000h-020003Fh -AEEDATA=0380000h-03803FFh -peeprom_data=EEDATA \
  -preset_vec=00h -ppowerup=CODE,init -pramtop=02600h \
  -psmallconst=SMALLCONST -pmediumconst=MEDIUMCONST -pconst=CONST \
  -AFARRAM=00h-00h \
  -prdata=COMRAM,nvrram=COMRAM,nvbit=COMRAM,rbss=COMRAM,rbit=COMRAM \
  -pfarbss=FARRAM,fardata=FARRAM,nvFARRAM=FARRAM \
  -pintsave_regs=BIGRAM,bigbss=BIGRAM,bigdata=BIGRAM -pbss=RAM \
  -pidata=CODE,irdata=CODE,ibigdata=CODE,ifardata=CODE -prparam=COMRAM \
  C:\Users\C77313\AppData\Local\Temp\xcAs3ak.0\driver_tmp_14.o \
  dist/default/debug\PAC1711_RX_Firmware.X.debug.o 

Object code version is 3.11

Machine type is 18F57Q43



                Name                               Link     Load   Length Selector   Space Scale
C:\Users\C77313\AppData\Local\Temp\xcAs3ak.0\driver_tmp_14.o
                config                           300000   300000        A        0       4
                init                                 1A       1A        4        4       0
                reset_vec                             0        0        4        0       0
dist/default/debug\PAC1711_RX_Firmware.X.debug.o
                config                           300000   300000        A        0       4
                mediumconst                        FD6E     FD6E      292     7EB7       0
                ivt0x8                                8        8       12        4       0
                text198                           1829E    1829E        6     8000       0
                text197                           18260    18260        8     8000       0
                text196                           18298    18298        6     8000       0
                text195                           181E4    181E4        E     8000       0
                text194                           1817E    1817E       12     8000       0
                text193                           17BD8    17BD8       3A     8000       0
                text192                           18222    18222        C     8000       0
                text191                           181D6    181D6        E     8000       0
                text190                           18216    18216        C     8000       0
                text189                           1820A    1820A        C     8000       0
                text188                           181FE    181FE        C     8000       0
                text187                           182B0    182B0        4     8000       0
                text186                           18258    18258        8     8000       0
                text185                           18292    18292        6     8000       0
                text184                           18250    18250        8     8000       0
                text183                           1800A    1800A       1C     8000       0
                text182                           16CA6    16CA6       74     8000       0
                text181                           17E6C    17E6C       28     8000       0
                text180                           18248    18248        8     8000       0
                text179                           1828C    1828C        6     8000       0
                text178                           17F94    17F94       20     8000       0
                text177                           17A68    17A68       40     8000       0
                text176                           18286    18286        6     8000       0
                text175                           1812E    1812E       16     8000       0
                text174                           18118    18118       16     8000       0
                text173                           1777A    1777A       48     8000       0
                text172                           182BC    182BC        2     8000       0
                text171                           17EE0    17EE0       26     8000       0
                text170                           182BA    182BA        2     8000       0
                text169                           182B8    182B8        2     8000       0
                text168                           182B6    182B6        2     8000       0
                text167                           15212    15212       F4     8000       0
                text166                           17D72    17D72       2E     8000       0
                text165                           16A26    16A26       88     8000       0
                text164                           181C8    181C8        E     8000       0
                text163                           18280    18280        6     8000       0
                text162                           1827A    1827A        6     8000       0
                text161                           16586    16586       A0     8000       0
                text160                           182AC    182AC        4     8000       0
                text159                           182B4    182B4        2     8000       0
                text158                           173E4    173E4       54     8000       0
                text157                           179E4    179E4       44     8000       0
                text156                           15CBC    15CBC       B8     8000       0
                text155                           16F4C    16F4C       6C     8000       0
                text154                           172E6    172E6       56     8000       0
                text153                           1310A    1310A      25A     8000       0
                text152                           179A0    179A0       44     8000       0
                text151                           12BF8    12BF8      28E     8000       0
                text150                           1795C    1795C       44     8000       0
                text149                           1455C    1455C      14E     8000       0
                text148                           16910    16910       8C     8000       0
                text147                           12E86    12E86      284     8000       0
                text146                           125C8    125C8      328     8000       0
                text145                           17290    17290       56     8000       0
                text144                           14930    14930      140     8000       0
                text143                           153F6    153F6       EA     8000       0
                text142                           16626    16626       9E     8000       0
                text141                           14BA8    14BA8      12E     8000       0
                text140                           17C12    17C12       38     8000       0
                text139                           15306    15306       F0     8000       0
                text138                           15A78    15A78       C6     8000       0
                text137                           15B3E    15B3E       C4     8000       0
                text136                           14CD6    14CD6      11E     8000       0
                text135                           17918    17918       44     8000       0
                text134                           1748A    1748A       52     8000       0
                text133                           18102    18102       16     8000       0
                text132                           17FB4    17FB4       1E     8000       0
                text131                           18158    18158       14     8000       0
                text130                           17FEE    17FEE       1C     8000       0
                text129                           17F4E    17F4E       24     8000       0
                text128                           18074    18074       1A     8000       0
                text127                           14DF4    14DF4      116     8000       0
                text126                           1675E    1675E       94     8000       0
                text125                           15016    15016      104     8000       0
                text124                           15E28    15E28       B2     8000       0
                text123                           147F0    147F0      140     8000       0
                text122                           16C2E    16C2E       78     8000       0
                text121                           146AA    146AA      146     8000       0
                text120                           178D4    178D4       44     8000       0
                text119                           15F8A    15F8A       B0     8000       0
                text118                           17890    17890       44     8000       0
                text117                           15754    15754       CE     8000       0
                text116                           1359C    1359C      220     8000       0
                text115                           1511A    1511A       F8     8000       0
                text114                           15D74    15D74       B4     8000       0
                text113                           13364    13364      238     8000       0
                text112                           13986    13986      1BC     8000       0
                text111                           14148    14148      166     8000       0
                text110                           1440C    1440C      150     8000       0
                text109                           14F0A    14F0A      10C     8000       0
                text108                           11CB8    11CB8      4A2     8000       0
                text107                           1643E    1643E       A8     8000       0
                text106                           14A70    14A70      138     8000       0
                text105                           154E0    154E0       D4     8000       0
                text104                           16396    16396       A8     8000       0
                text103                           167F2    167F2       92     8000       0
                text102                           16AAE    16AAE       82     8000       0
                text101                           1712C    1712C       5C     8000       0
                text100                           16884    16884       8C     8000       0
                text99                            175C2    175C2       4C     8000       0
                text98                            17390    17390       54     8000       0
                text97                            181F2    181F2        C     8000       0
                text96                            180EC    180EC       16     8000       0
                text95                            17732    17732       48     8000       0
                text94                            17CE4    17CE4       32     8000       0
                text93                            18240    18240        8     8000       0
                text92                            18238    18238        8     8000       0
                text91                            18274    18274        6     8000       0
                text90                            1826E    1826E        6     8000       0
                text89                            17E44    17E44       28     8000       0
                text88                            17576    17576       4C     8000       0
                text87                            17188    17188       5A     8000       0
                text86                            16240    16240       AC     8000       0
                text85                            170D0    170D0       5C     8000       0
                text84                            16194    16194       AC     8000       0
                text83                            171E2    171E2       58     8000       0
                text82                            160E8    160E8       AC     8000       0
                text81                            1752A    1752A       4C     8000       0
                text80                            17B62    17B62       3C     8000       0
                text79                            16EDE    16EDE       6E     8000       0
                text78                            10000    10000      AC6     8000       0
                text77                            16B30    16B30       80     8000       0
                text76                            13E7A    13E7A      168     8000       0
                text75                            159B2    159B2       C6     8000       0
                text74                            182A8    182A8        4     8000       0
                text73                            182A4    182A4        4     8000       0
                text72                            176EA    176EA       48     8000       0
                text71                            17658    17658       4A     8000       0
                text70                            137BC    137BC      1CA     8000       0
                text69                            1805A    1805A       1A     8000       0
                text68                            17E1C    17E1C       28     8000       0
                text67                            142AE    142AE      15E     8000       0
                text66                            17B24    17B24       3E     8000       0
                text65                            15684    15684       D0     8000       0
                text64                            1784C    1784C       44     8000       0
                text63                            16BB0    16BB0       7E     8000       0
                text62                            1733C    1733C       54     8000       0
                text61                            17EBA    17EBA       26     8000       0
                text60                            174DC    174DC       4E     8000       0
                text59                            16E6E    16E6E       70     8000       0
                text58                            17AE6    17AE6       3E     8000       0
                text57                            16DFE    16DFE       70     8000       0
                text56                            17AA8    17AA8       3E     8000       0
                text55                            17DA0    17DA0       2C     8000       0
                text54                            1132E    1132E      4D6     8000       0
                text53                            17F2A    17F2A       24     8000       0
                text52                            17FD2    17FD2       1C     8000       0
                text51                            15822    15822       CA     8000       0
                text50                            162EC    162EC       AA     8000       0
                text49                            17DF4    17DF4       28     8000       0
                text48                            1699C    1699C       8A     8000       0
                text47                            155B4    155B4       D0     8000       0
                text46                            17D44    17D44       2E     8000       0
                text45                            128F0    128F0      308     8000       0
                text44                            177C2    177C2       46     8000       0
                text43                            15C02    15C02       BA     8000       0
                text42                            158EC    158EC       C6     8000       0
                text41                            13B42    13B42      1AC     8000       0
                text40                            1760E    1760E       4A     8000       0
                text39                            17808    17808       44     8000       0
                text38                            181BA    181BA        E     8000       0
                text37                            17CB2    17CB2       32     8000       0
                text36                            180D6    180D6       16     8000       0
                text35                            164E6    164E6       A0     8000       0
                text34                            17C4A    17C4A       36     8000       0
                text33                            17438    17438       52     8000       0
                text32                            17C80    17C80       32     8000       0
                text31                            10AC6    10AC6      868     8000       0
                text30                            11804    11804      4B4     8000       0
                text29                            176A2    176A2       48     8000       0
                text28                            17E94    17E94       26     8000       0
                text27                            1603A    1603A       AE     8000       0
                text26                            18144    18144       14     8000       0
                text25                            1816C    1816C       12     8000       0
                text24                            1723A    1723A       56     8000       0
                text23                            181AC    181AC        E     8000       0
                text22                            1819E    1819E        E     8000       0
                text21                            18190    18190        E     8000       0
                text20                            17A28    17A28       40     8000       0
                text19                            15EDA    15EDA       B0     8000       0
                text18                            17F06    17F06       24     8000       0
                text17                            180BE    180BE       18     8000       0
                text16                            180A6    180A6       18     8000       0
                text15                            1808E    1808E       18     8000       0
                text14                            166C4    166C4       9A     8000       0
                text13                            18040    18040       1A     8000       0
                text12                            17DCC    17DCC       28     8000       0
                text11                            17F72    17F72       22     8000       0
                text10                            13CEE    13CEE      18C     8000       0
                text9                             16D8C    16D8C       72     8000       0
                text8                             17074    17074       5C     8000       0
                text7                             13FE2    13FE2      166     8000       0
                text6                             17016    17016       5E     8000       0
                text5                             16FB8    16FB8       5E     8000       0
                text4                             17D16    17D16       2E     8000       0
                text3                             18026    18026       1A     8000       0
                text2                             1215A    1215A      46E     8000       0
                text1                             1822E    1822E        A     8000       0
                text0                             17B9E    17B9E       3A     8000       0
                cstackCOMRAM                        501      501       57      501       1
                cstackBANK5                         560      560       62      560       1
                bssBANK7                            700      700       50      700       1
                dataBANK6                           6BC      6BC        6      600       1
                bssBANK6                            600      600       BC      600       1
                dataBANK5                           5FF      5FF        1      560       1
                bssBANK5                            5C2      5C2       3D      560       1
                bssCOMRAM                           558      558        4      501       1
                cinit                             16D1A    16D1A       72     8000       0
                idataBANK6                        18268    18268        6     8000       0
                idataBANK5                        182BE    182BE        1     8000       0

TOTAL           Name                               Link     Load   Length     Space
        CLASS   CODE           
                init                                 1A       1A        4         0
                reset_vec                             0        0        4         0
                ivt0x8                                8        8       12         0
                text198                           1829E    1829E        6         0
                text197                           18260    18260        8         0
                text196                           18298    18298        6         0
                text195                           181E4    181E4        E         0
                text194                           1817E    1817E       12         0
                text193                           17BD8    17BD8       3A         0
                text192                           18222    18222        C         0
                text191                           181D6    181D6        E         0
                text190                           18216    18216        C         0
                text189                           1820A    1820A        C         0
                text188                           181FE    181FE        C         0
                text187                           182B0    182B0        4         0
                text186                           18258    18258        8         0
                text185                           18292    18292        6         0
                text184                           18250    18250        8         0
                text183                           1800A    1800A       1C         0
                text182                           16CA6    16CA6       74         0
                text181                           17E6C    17E6C       28         0
                text180                           18248    18248        8         0
                text179                           1828C    1828C        6         0
                text178                           17F94    17F94       20         0
                text177                           17A68    17A68       40         0
                text176                           18286    18286        6         0
                text175                           1812E    1812E       16         0
                text174                           18118    18118       16         0
                text173                           1777A    1777A       48         0
                text172                           182BC    182BC        2         0
                text171                           17EE0    17EE0       26         0
                text170                           182BA    182BA        2         0
                text169                           182B8    182B8        2         0
                text168                           182B6    182B6        2         0
                text167                           15212    15212       F4         0
                text166                           17D72    17D72       2E         0
                text165                           16A26    16A26       88         0
                text164                           181C8    181C8        E         0
                text163                           18280    18280        6         0
                text162                           1827A    1827A        6         0
                text161                           16586    16586       A0         0
                text160                           182AC    182AC        4         0
                text159                           182B4    182B4        2         0
                text158                           173E4    173E4       54         0
                text157                           179E4    179E4       44         0
                text156                           15CBC    15CBC       B8         0
                text155                           16F4C    16F4C       6C         0
                text154                           172E6    172E6       56         0
                text153                           1310A    1310A      25A         0
                text152                           179A0    179A0       44         0
                text151                           12BF8    12BF8      28E         0
                text150                           1795C    1795C       44         0
                text149                           1455C    1455C      14E         0
                text148                           16910    16910       8C         0
                text147                           12E86    12E86      284         0
                text146                           125C8    125C8      328         0
                text145                           17290    17290       56         0
                text144                           14930    14930      140         0
                text143                           153F6    153F6       EA         0
                text142                           16626    16626       9E         0
                text141                           14BA8    14BA8      12E         0
                text140                           17C12    17C12       38         0
                text139                           15306    15306       F0         0
                text138                           15A78    15A78       C6         0
                text137                           15B3E    15B3E       C4         0
                text136                           14CD6    14CD6      11E         0
                text135                           17918    17918       44         0
                text134                           1748A    1748A       52         0
                text133                           18102    18102       16         0
                text132                           17FB4    17FB4       1E         0
                text131                           18158    18158       14         0
                text130                           17FEE    17FEE       1C         0
                text129                           17F4E    17F4E       24         0
                text128                           18074    18074       1A         0
                text127                           14DF4    14DF4      116         0
                text126                           1675E    1675E       94         0
                text125                           15016    15016      104         0
                text124                           15E28    15E28       B2         0
                text123                           147F0    147F0      140         0
                text122                           16C2E    16C2E       78         0
                text121                           146AA    146AA      146         0
                text120                           178D4    178D4       44         0
                text119                           15F8A    15F8A       B0         0
                text118                           17890    17890       44         0
                text117                           15754    15754       CE         0
                text116                           1359C    1359C      220         0
                text115                           1511A    1511A       F8         0
                text114                           15D74    15D74       B4         0
                text113                           13364    13364      238         0
                text112                           13986    13986      1BC         0
                text111                           14148    14148      166         0
                text110                           1440C    1440C      150         0
                text109                           14F0A    14F0A      10C         0
                text108                           11CB8    11CB8      4A2         0
                text107                           1643E    1643E       A8         0
                text106                           14A70    14A70      138         0
                text105                           154E0    154E0       D4         0
                text104                           16396    16396       A8         0
                text103                           167F2    167F2       92         0
                text102                           16AAE    16AAE       82         0
                text101                           1712C    1712C       5C         0
                text100                           16884    16884       8C         0
                text99                            175C2    175C2       4C         0
                text98                            17390    17390       54         0
                text97                            181F2    181F2        C         0
                text96                            180EC    180EC       16         0
                text95                            17732    17732       48         0
                text94                            17CE4    17CE4       32         0
                text93                            18240    18240        8         0
                text92                            18238    18238        8         0
                text91                            18274    18274        6         0
                text90                            1826E    1826E        6         0
                text89                            17E44    17E44       28         0
                text88                            17576    17576       4C         0
                text87                            17188    17188       5A         0
                text86                            16240    16240       AC         0
                text85                            170D0    170D0       5C         0
                text84                            16194    16194       AC         0
                text83                            171E2    171E2       58         0
                text82                            160E8    160E8       AC         0
                text81                            1752A    1752A       4C         0
                text80                            17B62    17B62       3C         0
                text79                            16EDE    16EDE       6E         0
                text78                            10000    10000      AC6         0
                text77                            16B30    16B30       80         0
                text76                            13E7A    13E7A      168         0
                text75                            159B2    159B2       C6         0
                text74                            182A8    182A8        4         0
                text73                            182A4    182A4        4         0
                text72                            176EA    176EA       48         0
                text71                            17658    17658       4A         0
                text70                            137BC    137BC      1CA         0
                text69                            1805A    1805A       1A         0
                text68                            17E1C    17E1C       28         0
                text67                            142AE    142AE      15E         0
                text66                            17B24    17B24       3E         0
                text65                            15684    15684       D0         0
                text64                            1784C    1784C       44         0
                text63                            16BB0    16BB0       7E         0
                text62                            1733C    1733C       54         0
                text61                            17EBA    17EBA       26         0
                text60                            174DC    174DC       4E         0
                text59                            16E6E    16E6E       70         0
                text58                            17AE6    17AE6       3E         0
                text57                            16DFE    16DFE       70         0
                text56                            17AA8    17AA8       3E         0
                text55                            17DA0    17DA0       2C         0
                text54                            1132E    1132E      4D6         0
                text53                            17F2A    17F2A       24         0
                text52                            17FD2    17FD2       1C         0
                text51                            15822    15822       CA         0
                text50                            162EC    162EC       AA         0
                text49                            17DF4    17DF4       28         0
                text48                            1699C    1699C       8A         0
                text47                            155B4    155B4       D0         0
                text46                            17D44    17D44       2E         0
                text45                            128F0    128F0      308         0
                text44                            177C2    177C2       46         0
                text43                            15C02    15C02       BA         0
                text42                            158EC    158EC       C6         0
                text41                            13B42    13B42      1AC         0
                text40                            1760E    1760E       4A         0
                text39                            17808    17808       44         0
                text38                            181BA    181BA        E         0
                text37                            17CB2    17CB2       32         0
                text36                            180D6    180D6       16         0
                text35                            164E6    164E6       A0         0
                text34                            17C4A    17C4A       36         0
                text33                            17438    17438       52         0
                text32                            17C80    17C80       32         0
                text31                            10AC6    10AC6      868         0
                text30                            11804    11804      4B4         0
                text29                            176A2    176A2       48         0
                text28                            17E94    17E94       26         0
                text27                            1603A    1603A       AE         0
                text26                            18144    18144       14         0
                text25                            1816C    1816C       12         0
                text24                            1723A    1723A       56         0
                text23                            181AC    181AC        E         0
                text22                            1819E    1819E        E         0
                text21                            18190    18190        E         0
                text20                            17A28    17A28       40         0
                text19                            15EDA    15EDA       B0         0
                text18                            17F06    17F06       24         0
                text17                            180BE    180BE       18         0
                text16                            180A6    180A6       18         0
                text15                            1808E    1808E       18         0
                text14                            166C4    166C4       9A         0
                text13                            18040    18040       1A         0
                text12                            17DCC    17DCC       28         0
                text11                            17F72    17F72       22         0
                text10                            13CEE    13CEE      18C         0
                text9                             16D8C    16D8C       72         0
                text8                             17074    17074       5C         0
                text7                             13FE2    13FE2      166         0
                text6                             17016    17016       5E         0
                text5                             16FB8    16FB8       5E         0
                text4                             17D16    17D16       2E         0
                text3                             18026    18026       1A         0
                text2                             1215A    1215A      46E         0
                text1                             1822E    1822E        A         0
                text0                             17B9E    17B9E       3A         0
                cinit                             16D1A    16D1A       72         0
                idataBANK6                        18268    18268        6         0
                idataBANK5                        182BE    182BE        1         0

        CLASS   CONST          

        CLASS   SMALLCONST     

        CLASS   MEDIUMCONST    
                mediumconst                        FD6E     FD6E      292         0

        CLASS   COMRAM         
                cstackCOMRAM                        501      501       57         1
                bssCOMRAM                           558      558        4         1

        CLASS   ABS1           

        CLASS   BIGRAM         

        CLASS   RAM            

        CLASS   BANK5          
                cstackBANK5                         560      560       62         1
                dataBANK5                           5FF      5FF        1         1
                bssBANK5                            5C2      5C2       3D         1

        CLASS   BANK6          
                dataBANK6                           6BC      6BC        6         1
                bssBANK6                            600      600       BC         1

        CLASS   BANK7          
                bssBANK7                            700      700       50         1

        CLASS   BANK8          

        CLASS   BANK9          

        CLASS   BANK10         

        CLASS   BANK11         

        CLASS   BANK12         

        CLASS   BANK13         

        CLASS   BANK14         

        CLASS   BANK15         

        CLASS   BANK16         

        CLASS   BANK17         

        CLASS   BANK18         

        CLASS   BANK19         

        CLASS   BANK20         

        CLASS   BANK21         

        CLASS   BANK22         

        CLASS   BANK23         

        CLASS   BANK24         

        CLASS   BANK25         

        CLASS   BANK26         

        CLASS   BANK27         

        CLASS   BANK28         

        CLASS   BANK29         

        CLASS   BANK30         

        CLASS   BANK31         

        CLASS   BANK32         

        CLASS   BANK33         

        CLASS   BANK34         

        CLASS   BANK35         

        CLASS   BANK36         

        CLASS   SFR            

        CLASS   BIGSFR         

        CLASS   CONFIG         
                config                           300000   300000        A         4

        CLASS   IDLOC          

        CLASS   EEDATA         

        CLASS   FARRAM         

        CLASS   HEAP           

        CLASS   STACK          



SEGMENTS        Name                           Load    Length   Top    Selector   Space  Class

                reset_vec                      000000  000004  000004         0       0  CODE    
                ivt0x8                         000008  000016  00001E         4       0  CODE    
                cstackCOMRAM                   000501  00005B  00055C       501       1  COMRAM  
                cstackBANK5                    000560  0000A0  000600       560       1  BANK5   
                bssBANK6                       000600  0000C2  0006C2       600       1  BANK6   
                bssBANK7                       000700  000050  000750       700       1  BANK7   
                mediumconst                    00FD6E  000292  010000      7EB7       0  MEDIUMCO
                text78                         010000  0082BF  0182BF      8000       0  CODE    


UNUSED ADDRESS RANGES

        Name                Unused          Largest block    Delta
        BANK10           000A00-000AFF              100
        BANK11           000B00-000BFF              100
        BANK12           000C00-000CFF              100
        BANK13           000D00-000DFF              100
        BANK14           000E00-000EFF              100
        BANK15           000F00-000FFF              100
        BANK16           001000-0010FF              100
        BANK17           001100-0011FF              100
        BANK18           001200-0012FF              100
        BANK19           001300-0013FF              100
        BANK20           001400-0014FF              100
        BANK21           001500-0015FF              100
        BANK22           001600-0016FF              100
        BANK23           001700-0017FF              100
        BANK24           001800-0018FF              100
        BANK25           001900-0019FF              100
        BANK26           001A00-001AFF              100
        BANK27           001B00-001BFF              100
        BANK28           001C00-001CFF              100
        BANK29           001D00-001DFF              100
        BANK30           001E00-001EFF              100
        BANK31           001F00-001FFF              100
        BANK32           002000-0020FF              100
        BANK33           002100-0021FF              100
        BANK34           002200-0022FF              100
        BANK35           002300-0023FF              100
        BANK36           002400-0024FF              100
        BANK6            0006C2-0006FF               3E
        BANK7            000750-0007FF               B0
        BANK8            000800-0008FF              100
        BANK9            000900-0009FF              100
        BIGRAM           00055C-00055F                4
                         0006C2-0006FF               3E
                         000750-0024FF             1DB0
        BIGSFR           000000-0004FF              500
                         002500-0025FF              100
        CODE             000004-000007                4
                         00001E-00FD6D             FD50
                         0182BF-01FFFF             7D41
        COMRAM           00055C-00055F                4
        CONFIG           30000A-300011                8
        CONST            000004-000007                4
                         00001E-00FD6D             FD50
                         0182BF-01FFFF             7D41
        EEDATA           380000-3803FF              400
        IDLOC            200000-20003F               40
        MEDIUMCONST      002600-00FD6D             D76E
                         0182BF-01FFFF             7D41
        RAM              0006C2-0006FF               3E
                         000750-0024FF              100
        SFR              000000-0004FF              100
                         002500-0025FF              100
        SMALLCONST       002600-00FD6D              100
                         0182BF-01FFFF              100

                                  Symbol Table

?_PAC1711_CLimitRegisterToCurrent_mA                               cstackCOMRAM 000545
?_PAC1711_DecodeCTRLtoSampleRate                                   cstackCOMRAM 000505
?_PAC1711_Device_Initialize                                        cstackBANK5  0005A1
?_PAC1711_GetDeviceID                                              cstackBANK5  00058B
?_PAC1711_GetEnergy_mWh                                            cstackBANK5  00059D
?_PAC1711_GetEventStatus                                           cstackCOMRAM 000505
?_PAC1711_GetISENSE_mA                                             cstackBANK5  00059B
?_PAC1711_GetVACCProcess                                           cstackCOMRAM 000555
?_PAC1711_GetVPOWER_mW                                             cstackBANK5  00059B
?_PAC1711_GetVSENSE_mV                                             cstackBANK5  00059B
?_PAC1711_Get_Register                                             cstackBANK5  00058B
?_PAC1711_Get_VACCRegister                                         cstackBANK5  00058B
?_PAC1711_LibTask                                                  cstackBANK5  00057D
?_PAC1711_PLimitRegisterToPower_mW                                 cstackCOMRAM 000545
?_PAC1711_RawBytesToReg64bit                                       cstackCOMRAM 000505
?_PAC1711_RawBytestoReg16bit                                       cstackCOMRAM 000505
?_PAC1711_RawBytestoReg32bit                                       cstackCOMRAM 000505
?_PAC1711_Refresh                                                  cstackBANK5  000593
?_PAC1711_RefreshReq                                               cstackBANK5  00058B
?_PAC1711_RefreshV                                                 cstackBANK5  000593
?_PAC1711_SetAccFullness_reg                                       cstackBANK5  00059B
?_PAC1711_SetAlertEnable_reg                                       cstackBANK5  00059B
?_PAC1711_SetCtrl_reg                                              cstackBANK5  00059B
?_PAC1711_SetNegPwrFsr_reg                                         cstackBANK5  00059B
?_PAC1711_SetSMBusSettings_reg                                     cstackBANK5  00059B
?_PAC1711_SetSlow_reg                                              cstackBANK5  00059B
?_PAC1711_Set_Register                                             cstackBANK5  00058B
?_PAC1711_UpdateContext_AccumulatorCount                           cstackCOMRAM 00051C
?_PAC1711_UpdateContext_ChannelPolarity                            cstackCOMRAM 00051C
?_PAC1711_UpdateContext_Ctrl                                       cstackCOMRAM 00051C
?_PAC1711_VLimitRegisterToVoltage_mV                               cstackCOMRAM 000545
?_PAC1711_VaccPowerTimedToEnergy_mWh                               cstackCOMRAM 000545
?_PAC1711_VaccPowerToEnergy_mWh                                    cstackCOMRAM 000545
?_PAC1711_VaccReg64bitToPower_mW                                   cstackCOMRAM 000545
?_PAC1711_VaccReg64bitToVoltage_mV                                 cstackCOMRAM 000545
?_PAC1711_VaccVoltageTimedToCoulombCnt                             cstackCOMRAM 000545
?_PAC1711_VaccVoltageToCoulombCnt                                  cstackCOMRAM 000545
?_PAC1711_VbusScaleRange                                           cstackCOMRAM 000505
?_PAC1711_VoltageReg16bitToCurrent_mA                              cstackBANK5  000560
?_PAC1711_VoltageReg16bitToVoltage_mV                              cstackCOMRAM 000545
?_PAC1711_VpowerReg32bitToPower_mW                                 cstackCOMRAM 000545
?_PAC1711_VpowerScaleRange                                         cstackCOMRAM 000505
?_PAC1711_VsenseScaleRange                                         cstackCOMRAM 000505
?_RequestReturn                                                    cstackBANK5  000585
?___aldiv                                                          cstackCOMRAM 000505
?___almod                                                          cstackCOMRAM 000505
?___fladd                                                          cstackCOMRAM 000505
?___fldiv                                                          cstackCOMRAM 00052C
?___flmul                                                          cstackCOMRAM 000513
?___flneg                                                          cstackCOMRAM 000505
?___flsub                                                          cstackCOMRAM 00052C
?___fltol                                                          cstackCOMRAM 000505
?___fpclassifyf                                                    cstackCOMRAM 000505
?___lmul                                                           cstackCOMRAM 000505
?___xotofl                                                         cstackCOMRAM 000505
?___xxtofl                                                         cstackCOMRAM 000505
?_abs                                                              cstackCOMRAM 00050F
?_floorf                                                           cstackCOMRAM 000545
?_labs                                                             cstackCOMRAM 000505
?_printf                                                           cstackBANK5  0005B2
?_vfprintf                                                         cstackBANK5  0005AC
APP_SENSOR_THREAD_Initialize@errorCode                             cstackBANK5  0005C0
APP_Tasks@errorCode                                                cstackBANK5  0005BC
DELAY_milliseconds@milliseconds                                    cstackCOMRAM 000505
I2C1_AddrTransmit@addr                                             cstackCOMRAM 000505
I2C1_CounterSet@counter                                            cstackCOMRAM 000505
I2C1_DataTransmit@data                                             cstackCOMRAM 000501
I2C1_ErrorGet@retErrorState                                        cstackCOMRAM 000505
I2C1_Write@address                                                 cstackCOMRAM 000506
I2C1_Write@data                                                    cstackCOMRAM 000508
I2C1_Write@dataLength                                              cstackCOMRAM 00050A
I2C1_Write@retStatus                                               cstackCOMRAM 00050C
I2C1_WriteRead@address                                             cstackCOMRAM 000506
I2C1_WriteRead@readData                                            cstackCOMRAM 00050C
I2C1_WriteRead@readLength                                          cstackCOMRAM 00050E
I2C1_WriteRead@retStatus                                           cstackCOMRAM 000510
I2C1_WriteRead@writeData                                           cstackCOMRAM 000508
I2C1_WriteRead@writeLength                                         cstackCOMRAM 00050A
INT0_SetInterruptHandler@InterruptHandler                          cstackCOMRAM 000505
INT1_SetInterruptHandler@InterruptHandler                          cstackCOMRAM 000505
INT2_SetInterruptHandler@InterruptHandler                          cstackCOMRAM 000505
IVTBASEH                                                           (abs)        00045E
IVTBASEL                                                           (abs)        00045D
IVTBASEU                                                           (abs)        00045F
PAC1711_AccFullnessBytesToRegfields@pAccFullnessBytes              cstackCOMRAM 000505
PAC1711_AccFullnessBytesToRegfields@pAccFullnessRegfields          cstackCOMRAM 000507
PAC1711_AccFullnessRegfieldsToBytes@AccFullnessRegfields           cstackCOMRAM 000509
PAC1711_AccFullnessRegfieldsToBytes@pAccFullnessBytes              cstackCOMRAM 000505
PAC1711_AlertEnableBytesToRegfields@pAlertBytes                    cstackCOMRAM 000505
PAC1711_AlertEnableBytesToRegfields@pAlertEnableRegfields          cstackCOMRAM 000507
PAC1711_AlertEnableRegfieldsToBytes@AlertEnableRegfields           cstackCOMRAM 000505
PAC1711_AlertEnableRegfieldsToBytes@pAlertBytes                    cstackCOMRAM 000507
PAC1711_AlertStatusBytesToRegfields@pAlertBytes                    cstackCOMRAM 000505
PAC1711_AlertStatusBytesToRegfields@pAlertStatusRegfields          cstackCOMRAM 000507
PAC1711_CLimitRegisterToCurrent_mA@VsenseMAX                       cstackCOMRAM 000545
PAC1711_CLimitRegisterToCurrent_mA@limitReal                       cstackCOMRAM 00054F
PAC1711_CLimitRegisterToCurrent_mA@limitRegister                   cstackCOMRAM 000553
PAC1711_CLimitRegisterToCurrent_mA@rsense                          cstackCOMRAM 000547
PAC1711_CLimitRegisterToCurrent_mA@signedReg                       cstackCOMRAM 000554
PAC1711_CLimitRegisterToCurrent_mA@tempProd                        cstackCOMRAM 00054B
PAC1711_CtrlBytesToRegfields@pCtrlBytes                            cstackCOMRAM 000505
PAC1711_CtrlBytesToRegfields@pCtrlRegfields                        cstackCOMRAM 000507
PAC1711_CtrlRegfieldsToBytes@CtrlRegfields                         cstackCOMRAM 000505
PAC1711_CtrlRegfieldsToBytes@pCtrlBytes                            cstackCOMRAM 000507
PAC1711_DecodeCTRLtoSampleRate@ctrlReg                             cstackCOMRAM 000505
PAC1711_Device_Initialize@AccLimits                                cstackBANK5  0005B6
PAC1711_Device_Initialize@AlertEnable                              cstackBANK5  0005B8
PAC1711_Device_Initialize@Ctrl                                     cstackBANK5  0005BC
PAC1711_Device_Initialize@F1297                                    bssBANK5     0005E7
PAC1711_Device_Initialize@F1299                                    bssBANK5     0005E6
PAC1711_Device_Initialize@NegPwr                                   cstackBANK5  0005B7
PAC1711_Device_Initialize@SMBus                                    cstackBANK5  0005BB
PAC1711_Device_Initialize@Slow                                     cstackBANK5  0005BA
PAC1711_Device_Initialize@deviceInit                               cstackBANK5  0005A3
PAC1711_Device_Initialize@errorCode                                cstackBANK5  0005BE
PAC1711_Device_Initialize@pdevice                                  cstackBANK5  0005A1
PAC1711_Device_IsInitialized@pdevice                               cstackCOMRAM 000505
PAC1711_GetAccFullness_regProcess@pRawValue                        cstackCOMRAM 00050D
PAC1711_GetAccFullness_regProcess@pdevice                          cstackCOMRAM 00050A
PAC1711_GetAccumulatorCountProcess@pdevice                         cstackCOMRAM 00051C
PAC1711_GetAlertStatus_regProcess@pRawValue                        cstackCOMRAM 00050E
PAC1711_GetAlertStatus_regProcess@pdevice                          cstackCOMRAM 00050B
PAC1711_GetAlert_regProcess@pRawValue                              cstackCOMRAM 00050E
PAC1711_GetAlert_regProcess@pdevice                                cstackCOMRAM 00050B
PAC1711_GetCtrl_regProcess@pRawValue                               cstackCOMRAM 000510
PAC1711_GetCtrl_regProcess@pdevice                                 cstackCOMRAM 00050B
PAC1711_GetCtrl_regProcess@procMode                                cstackCOMRAM 00050D
PAC1711_GetCurrentLimit_mAProcess@limitReal                        cstackBANK5  000562
PAC1711_GetCurrentLimit_mAProcess@pRawValue                        cstackBANK5  000566
PAC1711_GetCurrentLimit_mAProcess@pdevice                          cstackCOMRAM 000555
PAC1711_GetDeviceID@bSuccess                                       cstackBANK5  000593
PAC1711_GetDeviceID@i2cRxSize                                      cstackBANK5  000594
PAC1711_GetDeviceID@pdevice                                        cstackBANK5  00058B
PAC1711_GetDeviceID@pdeviceID                                      cstackBANK5  00058D
PAC1711_GetDeviceID@retcode                                        cstackBANK5  000591
PAC1711_GetDeviceIDProcess@idx                                     cstackCOMRAM 00050B
PAC1711_GetDeviceIDProcess@pRawValue                               cstackCOMRAM 000509
PAC1711_GetDeviceIDProcess@pdevice                                 cstackCOMRAM 000505
PAC1711_GetEnergy_mWh@pdevice                                      cstackBANK5  00059D
PAC1711_GetEnergy_mWh@pvalue                                       cstackBANK5  00059F
PAC1711_GetEventStatus@pProcessError                               cstackCOMRAM 000509
PAC1711_GetEventStatus@pdevice                                     cstackCOMRAM 000505
PAC1711_GetEventStatus@pevent                                      cstackCOMRAM 000507
PAC1711_GetISENSE_mA@pdevice                                       cstackBANK5  00059B
PAC1711_GetISENSE_mA@pvalue                                        cstackBANK5  00059D
PAC1711_GetISENSE_mAProcess@IsenseReal                             cstackBANK5  000575
PAC1711_GetISENSE_mAProcess@VsenseReg                              cstackBANK5  000579
PAC1711_GetISENSE_mAProcess@pRawBytes                              cstackBANK5  00057B
PAC1711_GetISENSE_mAProcess@pdevice                                cstackBANK5  000571
PAC1711_GetLimitNsamplesProcess@pRawValue                          cstackCOMRAM 00050E
PAC1711_GetLimitNsamplesProcess@pdevice                            cstackCOMRAM 00050B
PAC1711_GetNegPwrFsr_regProcess@pRawValue                          cstackCOMRAM 000510
PAC1711_GetNegPwrFsr_regProcess@pdevice                            cstackCOMRAM 00050B
PAC1711_GetNegPwrFsr_regProcess@procMode                           cstackCOMRAM 00050D
PAC1711_GetPowerLimit_mWProcess@limitReal                          cstackBANK5  000564
PAC1711_GetPowerLimit_mWProcess@limitRegister                      cstackBANK5  000568
PAC1711_GetPowerLimit_mWProcess@pRawBytes                          cstackBANK5  00056A
PAC1711_GetPowerLimit_mWProcess@pdevice                            cstackBANK5  000560
PAC1711_GetSMBusSettings_regProcess@pRawValue                      cstackCOMRAM 00050F
PAC1711_GetSMBusSettings_regProcess@pdevice                        cstackCOMRAM 00050B
PAC1711_GetSlow_regProcess@pRawValue                               cstackCOMRAM 00050E
PAC1711_GetSlow_regProcess@pdevice                                 cstackCOMRAM 00050B
PAC1711_GetStepLimitProcess@pRawValue                              cstackCOMRAM 00050E
PAC1711_GetStepLimitProcess@pdevice                                cstackCOMRAM 00050B
PAC1711_GetVACCProcess@errorCode                                   cstackBANK5  00056D
PAC1711_GetVACCProcess@mode                                        cstackBANK5  00056C
PAC1711_GetVACCProcess@pRawBytes                                   cstackBANK5  00056A
PAC1711_GetVACCProcess@pdevice                                     cstackCOMRAM 000555
PAC1711_GetVACCProcess@regVal                                      cstackBANK5  00056F
PAC1711_GetVACCProcess@result                                      cstackBANK5  000579
PAC1711_GetVACCProcess@sampleRate                                  cstackBANK5  000577
PAC1711_GetVBUS_mVProcess@VbusReal                                 cstackBANK5  000564
PAC1711_GetVBUS_mVProcess@VbusReg                                  cstackBANK5  000568
PAC1711_GetVBUS_mVProcess@pRawBytes                                cstackBANK5  00056A
PAC1711_GetVBUS_mVProcess@pdevice                                  cstackBANK5  000560
PAC1711_GetVPOWER_mW@pdevice                                       cstackBANK5  00059B
PAC1711_GetVPOWER_mW@pvalue                                        cstackBANK5  00059D
PAC1711_GetVPOWER_mWProcess@VpowerReal                             cstackBANK5  000572
PAC1711_GetVPOWER_mWProcess@pRawBytes                              cstackBANK5  000576
PAC1711_GetVPOWER_mWProcess@pdevice                                cstackBANK5  00056C
PAC1711_GetVPOWER_mWProcess@regVal                                 cstackBANK5  00056E
PAC1711_GetVSENSE_mV@pdevice                                       cstackBANK5  00059B
PAC1711_GetVSENSE_mV@pvalue                                        cstackBANK5  00059D
PAC1711_GetVSENSE_mVProcess@VsenseReal                             cstackBANK5  000564
PAC1711_GetVSENSE_mVProcess@VsenseReg                              cstackBANK5  000568
PAC1711_GetVSENSE_mVProcess@pRawBytes                              cstackBANK5  00056A
PAC1711_GetVSENSE_mVProcess@pdevice                                cstackBANK5  000560
PAC1711_GetVoltageLimit_mVProcess@limitReal                        cstackBANK5  000560
PAC1711_GetVoltageLimit_mVProcess@pRawValue                        cstackBANK5  000564
PAC1711_GetVoltageLimit_mVProcess@pdevice                          cstackCOMRAM 000553
PAC1711_Get_Reg16bitProcess@pRawBytes                              cstackCOMRAM 000512
PAC1711_Get_Reg16bitProcess@pdevice                                cstackCOMRAM 00050C
PAC1711_Get_Reg16bitProcess@regVal                                 cstackCOMRAM 000510
PAC1711_Get_Reg32bitProcess@pRawBytes                              cstackCOMRAM 00051A
PAC1711_Get_Reg32bitProcess@pdevice                                cstackCOMRAM 000512
PAC1711_Get_Reg32bitProcess@regVal                                 cstackCOMRAM 000516
PAC1711_Get_Reg56bitProcess@pRawBytes                              cstackCOMRAM 00052A
PAC1711_Get_Reg56bitProcess@pdevice                                cstackCOMRAM 00051E
PAC1711_Get_Reg56bitProcess@regVal                                 cstackCOMRAM 000522
PAC1711_Get_Reg8bitProcess@pRawValue                               cstackCOMRAM 000509
PAC1711_Get_Reg8bitProcess@pdevice                                 cstackCOMRAM 000505
PAC1711_Get_Register@bSuccess                                      cstackBANK5  000598
PAC1711_Get_Register@i2cRxSize                                     cstackBANK5  000599
PAC1711_Get_Register@pdevice                                       cstackBANK5  00058B
PAC1711_Get_Register@pregister_val                                 cstackBANK5  00058D
PAC1711_Get_Register@processingState                               cstackBANK5  000592
PAC1711_Get_Register@regSize                                       cstackBANK5  000590
PAC1711_Get_Register@registerAddr                                  cstackBANK5  00058F
PAC1711_Get_Register@retcode                                       cstackBANK5  000596
PAC1711_Get_VACCRegister@bSuccess                                  cstackBANK5  00059A
PAC1711_Get_VACCRegister@i2cRxSize                                 cstackBANK5  00059B
PAC1711_Get_VACCRegister@pdevice                                   cstackBANK5  00058B
PAC1711_Get_VACCRegister@pmode                                     cstackBANK5  00058F
PAC1711_Get_VACCRegister@pregister_val                             cstackBANK5  00058D
PAC1711_Get_VACCRegister@procMode                                  cstackBANK5  000595
PAC1711_Get_VACCRegister@retcode                                   cstackBANK5  000598
PAC1711_Get_VACCRegister@time                                      cstackBANK5  000591
PAC1711_I2CEventHandler@event                                      cstackCOMRAM 000505
PAC1711_I2CEventHandler@pdevice_context                            cstackCOMRAM 000506
PAC1711_I2C_Initialize@PAC1711_i2c$F2905@i2c_init                  cstackCOMRAM 000507
PAC1711_I2C_Initialize@PAC1711_i2c$F2905@pi2c_context              cstackCOMRAM 000505
PAC1711_I2C_TransferEventHandlerSet@PAC1711_i2c$F2970@context      cstackCOMRAM 00050A
PAC1711_I2C_TransferEventHandlerSet@PAC1711_i2c$F2970@eventHandler cstackCOMRAM 000507
PAC1711_I2C_TransferEventHandlerSet@PAC1711_i2c$F2970@pi2c_context cstackCOMRAM 000505
PAC1711_I2C_TransferStatusGet@PAC1711_i2c$F2922@i2cError           cstackCOMRAM 00051B
PAC1711_I2C_TransferStatusGet@PAC1711_i2c$F2922@i2c_context        cstackCOMRAM 000506
PAC1711_I2C_Write@PAC1711_i2c$F2953@pi2c_context                   cstackCOMRAM 00050D
PAC1711_I2C_Write@PAC1711_i2c$F2953@retcode                        cstackCOMRAM 000513
PAC1711_I2C_Write@PAC1711_i2c$F2953@writeBuffer                    cstackCOMRAM 00050F
PAC1711_I2C_Write@PAC1711_i2c$F2953@writeSize                      cstackCOMRAM 000511
PAC1711_I2C_WriteRead@PAC1711_i2c$F2935@pi2c_context               cstackCOMRAM 000511
PAC1711_I2C_WriteRead@PAC1711_i2c$F2935@readBuffer                 cstackCOMRAM 000517
PAC1711_I2C_WriteRead@PAC1711_i2c$F2935@readSize                   cstackCOMRAM 000519
PAC1711_I2C_WriteRead@PAC1711_i2c$F2935@retcode                    cstackCOMRAM 00051B
PAC1711_I2C_WriteRead@PAC1711_i2c$F2935@writeBuffer                cstackCOMRAM 000513
PAC1711_I2C_WriteRead@PAC1711_i2c$F2935@writeSize                  cstackCOMRAM 000515
PAC1711_IsSignedVbus@negpwrfsr                                     cstackCOMRAM 000505
PAC1711_IsSignedVpower@negpwrfsr                                   cstackCOMRAM 000506
PAC1711_IsSignedVsense@negpwrfsr                                   cstackCOMRAM 000505
PAC1711_LibTask@errorCode                                          cstackBANK5  000583
PAC1711_LibTask@i2cEvent                                           cstackBANK5  000581
PAC1711_LibTask@libEvent                                           cstackBANK5  000582
PAC1711_LibTask@pdevice                                            cstackBANK5  00057D
PAC1711_MUTEX_Create@PAC1711_mutex$F2987@pmutex                    cstackCOMRAM 000505
PAC1711_MUTEX_Lock@PAC1711_mutex$F2990@pmutex                      cstackCOMRAM 000505
PAC1711_MUTEX_Unlock@PAC1711_mutex$F2993@pmutex                    cstackCOMRAM 000505
PAC1711_NegPwrFsrBytesToRegfields@pNegPwrFsrBytes                  cstackCOMRAM 000505
PAC1711_NegPwrFsrBytesToRegfields@pNegPwrFsrRegfields              cstackCOMRAM 000507
PAC1711_NegPwrFsrRegfieldsToBytes@NegPwrFsrRegfields               cstackCOMRAM 000509
PAC1711_NegPwrFsrRegfieldsToBytes@pNegPwrFsrBytes                  cstackCOMRAM 000505
PAC1711_NsamplesBytesToRegfields@pNsamplesBytes                    cstackCOMRAM 000505
PAC1711_NsamplesBytesToRegfields@pNsamplesRegfields                cstackCOMRAM 000507
PAC1711_PLimitRegisterToPower_mW@PowerUnit                         cstackCOMRAM 00054D
PAC1711_PLimitRegisterToPower_mW@VPowerMAX                         cstackCOMRAM 000547
PAC1711_PLimitRegisterToPower_mW@limitReal                         cstackCOMRAM 000551
PAC1711_PLimitRegisterToPower_mW@limitRegister                     cstackCOMRAM 000545
PAC1711_PLimitRegisterToPower_mW@rsense                            cstackCOMRAM 000549
PAC1711_PLimitRegisterToPower_mW@signedReg                         cstackCOMRAM 000555
PAC1711_RawBytesToReg64bit@pRawBytes                               cstackCOMRAM 000505
PAC1711_RawBytesToReg64bit@regVal                                  cstackCOMRAM 000516
PAC1711_RawBytestoReg16bit@pRawBytes                               cstackCOMRAM 000505
PAC1711_RawBytestoReg16bit@regVal                                  cstackCOMRAM 00050A
PAC1711_RawBytestoReg32bit@pRawBytes                               cstackCOMRAM 000505
PAC1711_RawBytestoReg32bit@regVal                                  cstackCOMRAM 00050E
PAC1711_Refresh@pdevice                                            cstackBANK5  000593
PAC1711_RefreshReq@bSuccess                                        cstackBANK5  000592
PAC1711_RefreshReq@pdevice                                         cstackBANK5  00058B
PAC1711_RefreshReq@refreshMode                                     cstackBANK5  00058D
PAC1711_RefreshReq@retcode                                         cstackBANK5  000590
PAC1711_RefreshV@pdevice                                           cstackBANK5  000593
PAC1711_SMBusBytesToRegfields@pSMBusBytes                          cstackCOMRAM 000505
PAC1711_SMBusBytesToRegfields@pSMBusRegfields                      cstackCOMRAM 000507
PAC1711_SMBusRegfieldsToBytes@SMBusRegfields                       cstackCOMRAM 00050E
PAC1711_SMBusRegfieldsToBytes@pSMBusBytes                          cstackCOMRAM 000505
PAC1711_SetAccFullness_reg@AccFullnessLimits_reg                   cstackBANK5  00059D
PAC1711_SetAccFullness_reg@pdevice                                 cstackBANK5  00059B
PAC1711_SetAccFullness_reg@pregisterBytes                          cstackBANK5  00059E
PAC1711_SetAlertEnable_reg@AlertEnable_reg                         cstackBANK5  00059D
PAC1711_SetAlertEnable_reg@pdevice                                 cstackBANK5  00059B
PAC1711_SetAlertEnable_reg@pregisterBytes                          cstackBANK5  00059F
PAC1711_SetCtrl_reg@Ctrl_reg                                       cstackBANK5  00059D
PAC1711_SetCtrl_reg@pdevice                                        cstackBANK5  00059B
PAC1711_SetCtrl_reg@pregisterBytes                                 cstackBANK5  00059F
PAC1711_SetNegPwrFsr_reg@NegPwr_reg                                cstackBANK5  00059D
PAC1711_SetNegPwrFsr_reg@pdevice                                   cstackBANK5  00059B
PAC1711_SetNegPwrFsr_reg@pregisterBytes                            cstackBANK5  00059E
PAC1711_SetSMBusSettings_reg@SMBus_reg                             cstackBANK5  00059D
PAC1711_SetSMBusSettings_reg@pdevice                               cstackBANK5  00059B
PAC1711_SetSMBusSettings_reg@pregisterBytes                        cstackBANK5  00059E
PAC1711_SetSMBusSettings_regProcess@pdevice                        cstackCOMRAM 000505
PAC1711_SetSlow_reg@Slow_reg                                       cstackBANK5  00059D
PAC1711_SetSlow_reg@pdevice                                        cstackBANK5  00059B
PAC1711_SetSlow_reg@pregisterBytes                                 cstackBANK5  00059E
PAC1711_Set_Register@bSuccess                                      cstackBANK5  000598
PAC1711_Set_Register@cnt                                           cstackBANK5  000599
PAC1711_Set_Register@pdevice                                       cstackBANK5  00058B
PAC1711_Set_Register@pregisterBytes                                cstackBANK5  00058D
PAC1711_Set_Register@processingState                               cstackBANK5  000592
PAC1711_Set_Register@regSize                                       cstackBANK5  000590
PAC1711_Set_Register@registerAddr                                  cstackBANK5  00058F
PAC1711_Set_Register@retcode                                       cstackBANK5  000596
PAC1711_SlowBytesToRegfields@pSlowBytes                            cstackCOMRAM 000505
PAC1711_SlowBytesToRegfields@pSlowRegfields                        cstackCOMRAM 000507
PAC1711_SlowRegfieldsToBytes@SlowRegfields                         cstackCOMRAM 00050E
PAC1711_SlowRegfieldsToBytes@pSlowBytes                            cstackCOMRAM 000505
PAC1711_StepLimitBytesToRegfields@pStepLimitBytes                  cstackCOMRAM 000505
PAC1711_StepLimitBytesToRegfields@pStepLimitRegfields              cstackCOMRAM 000507
PAC1711_UpdateContext_AccumulatorCount@bSuccess                    cstackCOMRAM 000523
PAC1711_UpdateContext_AccumulatorCount@errorCode                   cstackCOMRAM 00051F
PAC1711_UpdateContext_AccumulatorCount@i2cRxSize                   cstackCOMRAM 000521
PAC1711_UpdateContext_AccumulatorCount@pdevice                     cstackCOMRAM 00051C
PAC1711_UpdateContext_AccumulatorCountProcess@pRawBytes            cstackCOMRAM 000515
PAC1711_UpdateContext_AccumulatorCountProcess@pdevice              cstackCOMRAM 000512
PAC1711_UpdateContext_ChannelPolarity@bSuccess                     cstackCOMRAM 000523
PAC1711_UpdateContext_ChannelPolarity@errorCode                    cstackCOMRAM 00051F
PAC1711_UpdateContext_ChannelPolarity@i2cRxSize                    cstackCOMRAM 000521
PAC1711_UpdateContext_ChannelPolarity@pdevice                      cstackCOMRAM 00051C
PAC1711_UpdateContext_ChannelPolarityProcess@pRawValue             cstackCOMRAM 00050E
PAC1711_UpdateContext_ChannelPolarityProcess@pdevice               cstackCOMRAM 00050B
PAC1711_UpdateContext_Ctrl@bSuccess                                cstackCOMRAM 000523
PAC1711_UpdateContext_Ctrl@errorCode                               cstackCOMRAM 00051F
PAC1711_UpdateContext_Ctrl@i2cRxSize                               cstackCOMRAM 000521
PAC1711_UpdateContext_Ctrl@pdevice                                 cstackCOMRAM 00051C
PAC1711_UpdateContext_CtrlProcess@pRawValue                        cstackCOMRAM 00050E
PAC1711_UpdateContext_CtrlProcess@pdevice                          cstackCOMRAM 00050B
PAC1711_UpdateContext_ScaleValues@pdevice                          cstackCOMRAM 000509
PAC1711_VLimitRegisterToVoltage_mV@VbusMAX                         cstackCOMRAM 000545
PAC1711_VLimitRegisterToVoltage_mV@limitReal                       cstackCOMRAM 00054D
PAC1711_VLimitRegisterToVoltage_mV@limitRegister                   cstackCOMRAM 000551
PAC1711_VLimitRegisterToVoltage_mV@signedReg                       cstackCOMRAM 000552
PAC1711_VLimitRegisterToVoltage_mV@tempProd                        cstackCOMRAM 000549
PAC1711_VaccPowerTimedToEnergy_mWh@Energy                          cstackCOMRAM 000551
PAC1711_VaccPowerTimedToEnergy_mWh@accumulatedPower_mW             cstackCOMRAM 000545
PAC1711_VaccPowerTimedToEnergy_mWh@sampleCount                     cstackCOMRAM 000549
PAC1711_VaccPowerTimedToEnergy_mWh@time_ms                         cstackCOMRAM 00054D
PAC1711_VaccPowerToEnergy_mWh@Energy                               cstackCOMRAM 00054B
PAC1711_VaccPowerToEnergy_mWh@accumulatedPower_mW                  cstackCOMRAM 000545
PAC1711_VaccPowerToEnergy_mWh@sampleRate                           cstackCOMRAM 000549
PAC1711_VaccReg64bitToPower_mW@IsSignedPower                       cstackCOMRAM 00054D
PAC1711_VaccReg64bitToPower_mW@PowerUnit                           cstackBANK5  000564
PAC1711_VaccReg64bitToPower_mW@VAccReg                             cstackCOMRAM 000545
PAC1711_VaccReg64bitToPower_mW@VPowerScaleRange                    cstackCOMRAM 00054E
PAC1711_VaccReg64bitToPower_mW@VpowerAccReal                       cstackBANK5  000560
PAC1711_VaccReg64bitToPower_mW@is12bitADCres                       cstackCOMRAM 000550
PAC1711_VaccReg64bitToPower_mW@rsense                              cstackCOMRAM 000551
PAC1711_VaccReg64bitToVoltage_mV@IsSignedVoltage                   cstackCOMRAM 00054D
PAC1711_VaccReg64bitToVoltage_mV@VAccReal                          cstackBANK5  000564
PAC1711_VaccReg64bitToVoltage_mV@VAccReg                           cstackCOMRAM 000545
PAC1711_VaccReg64bitToVoltage_mV@VoltageLsb                        cstackBANK5  000560
PAC1711_VaccReg64bitToVoltage_mV@VoltageScaleRange                 cstackCOMRAM 00054E
PAC1711_VaccReg64bitToVoltage_mV@is12bitADCres                     cstackCOMRAM 000550
PAC1711_VaccVoltageTimedToCoulombCnt@CoulombCnt                    cstackBANK5  000564
PAC1711_VaccVoltageTimedToCoulombCnt@accumulatedVoltage_mV         cstackCOMRAM 000545
PAC1711_VaccVoltageTimedToCoulombCnt@rsense                        cstackCOMRAM 000551
PAC1711_VaccVoltageTimedToCoulombCnt@sampleCount                   cstackCOMRAM 000549
PAC1711_VaccVoltageTimedToCoulombCnt@time_ms                       cstackCOMRAM 00054D
PAC1711_VaccVoltageToCoulombCnt@CoulombCnt                         cstackCOMRAM 00054F
PAC1711_VaccVoltageToCoulombCnt@accumulatedVoltage_mV              cstackCOMRAM 000545
PAC1711_VaccVoltageToCoulombCnt@rsense                             cstackCOMRAM 00054B
PAC1711_VaccVoltageToCoulombCnt@sampleRate                         cstackCOMRAM 000549
PAC1711_VbusScaleRange@VbusMAX                                     cstackCOMRAM 000505
PAC1711_VbusScaleRange@negpwrfsr                                   cstackCOMRAM 000507
PAC1711_VoltageReg16bitToCurrent_mA@IsSignedVoltage                cstackBANK5  000562
PAC1711_VoltageReg16bitToCurrent_mA@IsenseReal                     cstackBANK5  00056D
PAC1711_VoltageReg16bitToCurrent_mA@VsenseReal                     cstackBANK5  000569
PAC1711_VoltageReg16bitToCurrent_mA@VsenseReg                      cstackBANK5  000560
PAC1711_VoltageReg16bitToCurrent_mA@VsenseScaleRange               cstackBANK5  000563
PAC1711_VoltageReg16bitToCurrent_mA@rsense                         cstackBANK5  000565
PAC1711_VoltageReg16bitToVoltage_mV@IsSignedVoltage                cstackCOMRAM 000547
PAC1711_VoltageReg16bitToVoltage_mV@VoltReal                       cstackCOMRAM 000554
PAC1711_VoltageReg16bitToVoltage_mV@VoltageReg                     cstackCOMRAM 000545
PAC1711_VoltageReg16bitToVoltage_mV@VoltageScaleRange              cstackCOMRAM 000548
PAC1711_VoltageReg16bitToVoltage_mV@signedReg                      cstackCOMRAM 000552
PAC1711_VoltageReg16bitToVoltage_mV@tempProd                       cstackCOMRAM 00054A
PAC1711_VoltageReg16bitToVoltage_mV@tempProd_7808                  cstackCOMRAM 00054E
PAC1711_VpowerReg32bitToPower_mW@IsSignedPower                     cstackCOMRAM 000549
PAC1711_VpowerReg32bitToPower_mW@PowerUnit                         cstackBANK5  000560
PAC1711_VpowerReg32bitToPower_mW@VPowerScaleRange                  cstackCOMRAM 00054A
PAC1711_VpowerReg32bitToPower_mW@VpowerReal                        cstackBANK5  000568
PAC1711_VpowerReg32bitToPower_mW@VpowerReg                         cstackCOMRAM 000545
PAC1711_VpowerReg32bitToPower_mW@rsense                            cstackCOMRAM 00054C
PAC1711_VpowerReg32bitToPower_mW@signedVpowerReg                   cstackBANK5  000564
PAC1711_VpowerScaleRange@VPowerMax                                 cstackCOMRAM 000505
PAC1711_VpowerScaleRange@negpwrfsr                                 cstackCOMRAM 000507
PAC1711_VsenseScaleRange@VsenseMax                                 cstackCOMRAM 000505
PAC1711_VsenseScaleRange@negpwrfsr                                 cstackCOMRAM 000507
RequestCompletion@deviceEvent                                      cstackCOMRAM 00050C
RequestCompletion@errorCode                                        cstackCOMRAM 00050D
RequestCompletion@pdevice                                          cstackCOMRAM 00050A
RequestReturn@pdevice                                              cstackBANK5  000585
RequestReturn@retcode                                              cstackBANK5  000589
[...]
ivt0x8_base                                                        ivt0x8       000008
labs@a                                                             cstackCOMRAM 000505
memcpy@d                                                           cstackCOMRAM 00050C
memcpy@d1                                                          cstackCOMRAM 000505
memcpy@n                                                           cstackCOMRAM 000509
memcpy@s                                                           cstackCOMRAM 00050E
memcpy@s1                                                          cstackCOMRAM 000507
memcpy@tmp                                                         cstackCOMRAM 00050B
memset@c                                                           cstackCOMRAM 000507
memset@dest                                                        cstackCOMRAM 000505
memset@n                                                           cstackCOMRAM 000509
memset@p                                                           cstackCOMRAM 00050B
pad@buf                                                            cstackCOMRAM 00051A
pad@fp                                                             cstackCOMRAM 000518
pad@i                                                              cstackCOMRAM 00051F
pad@p                                                              cstackCOMRAM 00051C
printf@ap                                                          cstackBANK5  0005B8
printf@fmt                                                         cstackBANK5  0005B2
putch@txData                                                       cstackCOMRAM 000507
stackhi                                                            (abs)        000000
stacklo                                                            (abs)        000000
start                                                              init         00001A
start_initialization                                               cinit        016D1A
strcpy@d                                                           cstackCOMRAM 000509
strcpy@dest                                                        cstackCOMRAM 000505
strcpy@src                                                         cstackCOMRAM 000507
vfpfcnvrt@ap                                                       cstackBANK5  0005A1
vfpfcnvrt@c                                                        cstackBANK5  0005AB
vfpfcnvrt@convarg                                                  cstackBANK5  0005A5
vfpfcnvrt@cp                                                       cstackBANK5  0005A9
vfpfcnvrt@done                                                     cstackBANK5  0005A3
vfpfcnvrt@fmt                                                      cstackBANK5  00059F
vfpfcnvrt@fp                                                       cstackBANK5  00059D
vfpfcnvrt@x                                                        cstackBANK5  0005A4
vfprintf@ap                                                        cstackBANK5  0005B0
vfprintf@cfmt                                                      cstackCOMRAM 000555
vfprintf@fmt                                                       cstackBANK5  0005AE
vfprintf@fp                                                        cstackBANK5  0005AC


MODULE INFORMATION

Module		Function		Class		Link	Load	Size
PAC1711.c
		_PAC1711_LibTask		CODE           	10000	0000	2758
		_PAC1711_Refresh		CODE           	1805A	0000	26
		_PAC1711_SetAlertEnable_reg		CODE           	1784C	0000	68
		_PAC1711_VpowerReg32bitToPower_mW		CODE           	14A70	0000	312
		_PAC1711_SetNegPwrFsr_reg		CODE           	174DC	0000	78
		_PAC1711_GetDeviceID		CODE           	13E7A	0000	360
		_PAC1711_SetAccFullness_reg		CODE           	17B24	0000	62
		_RequestCompletion		CODE           	16EDE	0000	110
		_PAC1711_GetVACCProcess		CODE           	11CB8	0000	1186
		_PAC1711_RawBytestoReg32bit		CODE           	15CBC	0000	184
		_PAC1711_GetCtrl_regProcess		CODE           	16910	0000	140
		_PAC1711_GetVSENSE_mV		CODE           	17D16	0000	46
		_PAC1711_GetSlow_regProcess		CODE           	178D4	0000	68
		_PAC1711_CtrlRegfieldsToBytes		CODE           	16BB0	0000	126
		_PAC1711_SlowRegfieldsToBytes		CODE           	16DFE	0000	112
		_PAC1711_SMBusBytesToRegfields		CODE           	147F0	0000	320
		_PAC1711_PLimitRegisterToPower_mW		CODE           	15016	0000	260
		_PAC1711_SMBusRegfieldsToBytes		CODE           	16E6E	0000	112
		_PAC1711_GetVoltageLimit_mVProcess		CODE           	16AAE	0000	130
		_PAC1711_RawBytestoReg16bit		CODE           	17C12	0000	56
		_PAC1711_RawBytesToReg64bit		CODE           	1359C	0000	544
		_PAC1711_VaccReg64bitToVoltage_mV		CODE           	14148	0000	358
		_PAC1711_VLimitRegisterToVoltage_mV		CODE           	167F2	0000	146
		_PAC1711_NegPwrFsrRegfieldsToBytes		CODE           	17EBA	0000	38
		_PAC1711_IsSignedVsense		CODE           	18158	0000	20
		_PAC1711_GetVBUS_mVProcess		CODE           	1643E	0000	168
		_PAC1711_DecodeCTRLtoSampleRate		CODE           	15754	0000	206
		_PAC1711_AccFullnessBytesToRegfields		CODE           	173E4	0000	84
		_PAC1711_VaccReg64bitToPower_mW		CODE           	13986	0000	444
		_PAC1711_SetCtrl_reg		CODE           	1733C	0000	84
		_PAC1711_GetVPOWER_mW		CODE           	16FB8	0000	94
		_PAC1711_GetISENSE_mA		CODE           	17016	0000	94
		_PAC1711_VaccPowerTimedToEnergy_mWh		CODE           	1511A	0000	248
		_PAC1711_Get_Reg8bitProcess		CODE           	175C2	0000	76
		_PAC1711_SetSlow_reg		CODE           	17AA8	0000	62
		_PAC1711_Get_Register		CODE           	13FE2	0000	358
		_PAC1711_Set_Register		CODE           	142AE	0000	350
		_PAC1711_NegPwrFsrBytesToRegfields		CODE           	1748A	0000	82
		_PAC1711_VoltageReg16bitToVoltage_mV		CODE           	15306	0000	240
		_PAC1711_SetSMBusSettings_reg		CODE           	17AE6	0000	62
		_PAC1711_AlertEnableBytesToRegfields		CODE           	12BF8	0000	654
		_PAC1711_IsSignedVpower		CODE           	17FB4	0000	30
		_PAC1711_StepLimitBytesToRegfields		CODE           	15F8A	0000	176
		_PAC1711_AlertStatusBytesToRegfields		CODE           	1310A	0000	602
		_PAC1711_RefreshV		CODE           	18026	0000	26
		_PAC1711_VbusScaleRange		CODE           	17FEE	0000	28
		_PAC1711_IsSignedVbus		CODE           	18102	0000	22
		_PAC1711_UpdateContext_ChannelPolarity		CODE           	16194	0000	172
		_PAC1711_CtrlBytesToRegfields		CODE           	1455C	0000	334
		_PAC1711_SlowBytesToRegfields		CODE           	146AA	0000	326
		_PAC1711_UpdateContext_ChannelPolarityProcess		CODE           	171E2	0000	88
		_PAC1711_GetAccFullness_regProcess		CODE           	179E4	0000	68
		_PAC1711_VaccVoltageToCoulombCnt		CODE           	14F0A	0000	268
		_PAC1711_GetAccumulatorCountProcess		CODE           	172E6	0000	86
		_PAC1711_VaccPowerToEnergy_mWh		CODE           	15D74	0000	180
		_PAC1711_GetVSENSE_mVProcess		CODE           	16396	0000	168
		_PAC1711_I2CEventHandler		CODE           	17390	0000	84
		_PAC1711_UpdateContext_Ctrl		CODE           	160E8	0000	172
		_PAC1711_AccFullnessRegfieldsToBytes		CODE           	17E1C	0000	40
		_PAC1711_GetAlertStatus_regProcess		CODE           	179A0	0000	68
		_PAC1711_GetCurrentLimit_mAProcess		CODE           	16626	0000	158
		_PAC1711_VoltageReg16bitToCurrent_mA		CODE           	15A78	0000	198
		_PAC1711_VsenseScaleRange		CODE           	18074	0000	26
		_PAC1711_GetPowerLimit_mWProcess		CODE           	15E28	0000	178
		_PAC1711_VpowerScaleRange		CODE           	17F4E	0000	36
		_PAC1711_GetNegPwrFsr_regProcess		CODE           	1675E	0000	148
		_PAC1711_GetAlert_regProcess		CODE           	1795C	0000	68
		_PAC1711_UpdateContext_AccumulatorCount		CODE           	16240	0000	172
		_PAC1711_AlertEnableRegfieldsToBytes		CODE           	15684	0000	208
		_PAC1711_GetVPOWER_mWProcess		CODE           	154E0	0000	212
		_PAC1711_GetISENSE_mAProcess		CODE           	15B3E	0000	196
		_PAC1711_Get_Reg32bitProcess		CODE           	16F4C	0000	108
		_PAC1711_GetStepLimitProcess		CODE           	17890	0000	68
		_PAC1711_Get_Reg16bitProcess		CODE           	1712C	0000	92
		_PAC1711_Device_IsInitialized		CODE           	17DCC	0000	40
		_PAC1711_NsamplesBytesToRegfields		CODE           	14CD6	0000	286
		_PAC1711_Get_Reg56bitProcess		CODE           	16884	0000	140
		_PAC1711_CLimitRegisterToCurrent_mA		CODE           	153F6	0000	234
		_PAC1711_GetEventStatus		CODE           	17074	0000	92
		_PAC1711_VaccVoltageTimedToCoulombCnt		CODE           	1440C	0000	336
		_PAC1711_Get_VACCRegister		CODE           	13CEE	0000	396
		_PAC1711_UpdateContext_AccumulatorCountProcess		CODE           	170D0	0000	92
		_PAC1711_Device_Initialize		CODE           	1132E	0000	1238
		_callUserCallback		CODE           	17B62	0000	60
		_PAC1711_GetDeviceIDProcess		CODE           	14BA8	0000	302
		_RequestReturn 		CODE           	16B30	0000	128
		_PAC1711_UpdateContext_ScaleValues		CODE           	14DF4	0000	278
		_PAC1711_UpdateContext_CtrlProcess		CODE           	1752A	0000	76
		_PAC1711_GetEnergy_mWh		CODE           	16D8C	0000	114
		_PAC1711_RefreshReq		CODE           	137BC	0000	458
		_PAC1711_GetSMBusSettings_regProcess		CODE           	16C2E	0000	120
		_PAC1711_SetSMBusSettings_regProcess		CODE           	17CE4	0000	50
		_PAC1711_GetLimitNsamplesProcess		CODE           	17918	0000	68

PAC1711.c estimated size: 20240

C:\Program Files\Microchip\xc8\v3.10\pic\sources\c99\common\flge.c
		___flge        		CODE           	155B4	0000	208

C:\Program Files\Microchip\xc8\v3.10\pic\sources\c99\common\flge.c estimated size: 208

C:\Program Files\Microchip\xc8\v3.10\pic\sources\c99\common\memcpy.c
		_memcpy        		CODE           	17808	0000	68

C:\Program Files\Microchip\xc8\v3.10\pic\sources\c99\common\memcpy.c estimated size: 68

app_sensor_thread.c
		_APP_SENSOR_THREAD_Initialize		CODE           	1603A	0000	174
		_deviceReset   		CODE           	17FD2	0000	28
		_APP_SENSOR_THREAD_Tasks		CODE           	17F72	0000	34

app_sensor_thread.c estimated size: 236

C:\Program Files\Microchip\xc8\v3.10\pic\sources\c99\common\almod.c
		___almod       		CODE           	162EC	0000	170

C:\Program Files\Microchip\xc8\v3.10\pic\sources\c99\common\almod.c estimated size: 170

C:\Program Files\Microchip\xc8\v3.10\pic\sources\c99\common\abs.c
		_abs           		CODE           	17DF4	0000	40

C:\Program Files\Microchip\xc8\v3.10\pic\sources\c99\common\abs.c estimated size: 40

C:\Program Files\Microchip\xc8\v3.10\pic\sources\c99\common\Umul32.c
		___lmul        		CODE           	17290	0000	86

C:\Program Files\Microchip\xc8\v3.10\pic\sources\c99\common\Umul32.c estimated size: 86

C:\Program Files\Microchip\xc8\v3.10\pic\sources\c99\common\nf_fputs.c
		_fputs         		CODE           	17C4A	0000	54

C:\Program Files\Microchip\xc8\v3.10\pic\sources\c99\common\nf_fputs.c estimated size: 54

mcc_generated_files/system/src/interrupt.c
		_INT0_SetInterruptHandler		CODE           	181AC	0000	14
		_INT1_SetInterruptHandler		CODE           	1819E	0000	14
		_INT2_SetInterruptHandler		CODE           	18190	0000	14
		_INTERRUPT_Initialize		CODE           	17A28	0000	64
		_INTERRUPT_InterruptManager		CODE           	16A26	0000	136

mcc_generated_files/system/src/interrupt.c estimated size: 242

C:\Program Files\Microchip\xc8\v3.10\pic\sources\c99\common\printf.c
		_printf        		CODE           	17E94	0000	38

C:\Program Files\Microchip\xc8\v3.10\pic\sources\c99\common\printf.c estimated size: 38

C:\Program Files\Microchip\xc8\v3.10\pic\sources\c99\common\floorf.c
		_floorf        		CODE           	13B42	0000	428

C:\Program Files\Microchip\xc8\v3.10\pic\sources\c99\common\floorf.c estimated size: 428

mcc_generated_files/uart/src/uart1.c
		_UART1_DefaultOverrunErrorCallback		CODE           	182B8	0000	2
		_UART1_IsTxReady		CODE           	181BA	0000	14
		_UART1_Write   		CODE           	17CB2	0000	50
		_putch         		CODE           	180D6	0000	22
		_UART1_DefaultParityErrorCallback		CODE           	182B6	0000	2
		_UART1_FramingErrorCallbackRegister		CODE           	180BE	0000	24
		_UART1_OverrunErrorCallbackRegister		CODE           	180A6	0000	24
		_UART1_ReceiveISR		CODE           	15212	0000	244
		_UART1_Initialize		CODE           	166C4	0000	154
		_UART1_DefaultFramingErrorCallback		CODE           	182BA	0000	2
		_UART1_TransmitISR		CODE           	17D72	0000	46
		_UART1_ParityErrorCallbackRegister		CODE           	1808E	0000	24

mcc_generated_files/uart/src/uart1.c estimated size: 608

mcc_generated_files/i2c_host/src/i2c1.c
		_I2C1_RX_ISR   		CODE           	1812E	0000	22
		_I2C1_InterruptsEnable		CODE           	1816C	0000	18
		_I2C1_WriteStart		CODE           	17E44	0000	40
		_I2C1_CounterGet		CODE           	182B0	0000	4
		_I2C1_CounterSet		CODE           	18238	0000	8
		_I2C1_ReadStart		CODE           	17F94	0000	32
		_I2C1_InterruptsClear		CODE           	18298	0000	6
		_I2C1_RestartEnable		CODE           	18274	0000	6
		_I2C1_ISR      		CODE           	17A68	0000	64
		_I2C1_DataReceive		CODE           	18286	0000	6
		_I2C1_IsData   		CODE           	1820A	0000	12
		_I2C1_IsNack   		CODE           	181FE	0000	12
		_I2C1_IsAddr   		CODE           	18222	0000	12
		_I2C1_IsBusy   		CODE           	180EC	0000	22
		_I2C1_InterruptsDisable		CODE           	181E4	0000	14
		_I2C1_ErrorGet 		CODE           	181F2	0000	12
		_I2C1_BufferClear		CODE           	1829E	0000	6
		_I2C1_BusReset 		CODE           	17BD8	0000	58
		_I2C1_Initialize		CODE           	1723A	0000	86
		_I2C1_Close    		CODE           	17E6C	0000	40
		_I2C1_IsBusCol 		CODE           	181D6	0000	14
		_I2C1_ERROR_ISR		CODE           	16CA6	0000	116
		_I2C1_Write    		CODE           	176EA	0000	72
		_I2C1_ErrorFlagsClear		CODE           	18260	0000	8
		_I2C1_TX_ISR   		CODE           	18118	0000	22
		_I2C1_StopSend 		CODE           	1800A	0000	28
		_I2C1_RestartDisable		CODE           	18292	0000	6
		_I2C1_DataTransmit		CODE           	18258	0000	8
		_I2C1_AddrTransmit		CODE           	18240	0000	8
		_I2C1_IsBusTimeOut		CODE           	18216	0000	12
		_I2C1_WriteRead		CODE           	17576	0000	76
		_I2C1_StartSend		CODE           	1826E	0000	6

mcc_generated_files/i2c_host/src/i2c1.c estimated size: 856

C:\Program Files\Microchip\xc8\v3.10\pic\sources\c99\common\__fpclassifyf.c
		___fpclassifyf 		CODE           	158EC	0000	198

C:\Program Files\Microchip\xc8\v3.10\pic\sources\c99\common\__fpclassifyf.c estimated size: 198

C:\Program Files\Microchip\xc8\v3.10\pic\sources\c99\common\fltol.c
		___fltol       		CODE           	15C02	0000	186

C:\Program Files\Microchip\xc8\v3.10\pic\sources\c99\common\fltol.c estimated size: 186

C:\Program Files\Microchip\xc8\v3.10\pic\sources\c99\common\aldiv.c
		___aldiv       		CODE           	15822	0000	202

C:\Program Files\Microchip\xc8\v3.10\pic\sources\c99\common\aldiv.c estimated size: 202

C:\Program Files\Microchip\xc8\v3.10\pic\sources\c99\common\sprcmul.c
		___flmul       		CODE           	125C8	0000	808

C:\Program Files\Microchip\xc8\v3.10\pic\sources\c99\common\sprcmul.c estimated size: 808

C:\Program Files\Microchip\xc8\v3.10\pic\sources\c99\common\fleq.c
		___fleq        		CODE           	1699C	0000	138

C:\Program Files\Microchip\xc8\v3.10\pic\sources\c99\common\fleq.c estimated size: 138

mcc_generated_files/system/src/pins.c
		_PIN_MANAGER_Initialize		CODE           	15EDA	0000	176

mcc_generated_files/system/src/pins.c estimated size: 176

C:\Program Files\Microchip\xc8\v3.10\pic\sources\c99\common\xxtofl.c
		___xxtofl      		CODE           	14930	0000	320

C:\Program Files\Microchip\xc8\v3.10\pic\sources\c99\common\xxtofl.c estimated size: 320

mcc_generated_files/timer/src/delay.c
		_DELAY_milliseconds		CODE           	17F2A	0000	36

mcc_generated_files/timer/src/delay.c estimated size: 36

C:\Program Files\Microchip\xc8\v3.10\pic\sources\c99\common\sprcdiv.c
		___fldiv       		CODE           	12E86	0000	644

C:\Program Files\Microchip\xc8\v3.10\pic\sources\c99\common\sprcdiv.c estimated size: 644

shared
		i2_I2C1_CounterSet		CODE           	18250	0000	8
		i2_I2C1_InterruptsEnable		CODE           	1817E	0000	18
		i2_I2C1_AddrTransmit		CODE           	18248	0000	8
		__initialization		CODE           	16D1A	0000	108
		_I2C1_Host     		MEDIUMCONST    	FDB7	0000	30
		_UART1         		MEDIUMCONST    	FD6F	0000	72
		_Timer0        		MEDIUMCONST    	FDD5	0000	18
		i2_I2C1_StartSend		CODE           	1828C	0000	6

shared estimated size: 268

app.c
		_APP_Initialize		CODE           	16586	0000	160
		_APP_Tasks     		CODE           	1215A	0000	1134
		_Timer_Callback		CODE           	1777A	0000	72

app.c estimated size: 1366

C:\Program Files\Microchip\xc8\v3.10\pic\sources\c99\common\strcpy.c
		_strcpy        		CODE           	17C80	0000	50

C:\Program Files\Microchip\xc8\v3.10\pic\sources\c99\common\strcpy.c estimated size: 50

C:\Program Files\Microchip\xc8\v3.10\pic\sources\c99\common\nf_fputc.c
		_fputc         		CODE           	164E6	0000	160

C:\Program Files\Microchip\xc8\v3.10\pic\sources\c99\common\nf_fputc.c estimated size: 160

C:\Program Files\Microchip\xc8\v3.10\pic\sources\c99\common\memset.c
		_memset        		CODE           	17DA0	0000	44

C:\Program Files\Microchip\xc8\v3.10\pic\sources\c99\common\memset.c estimated size: 44

./PAC1711_i2c.h
		_PAC1711_I2C_WriteRead@PAC1711_i2c$F2935		CODE           	17188	0000	90
		_PAC1711_I2C_Initialize@PAC1711_i2c$F2905		CODE           	159B2	0000	198
		_PAC1711_I2C_TransferStatusGet@PAC1711_i2c$F2922		CODE           	17732	0000	72
		_PAC1711_I2C_Write@PAC1711_i2c$F2953		CODE           	17658	0000	74
		_PAC1711_I2C_TransferEventHandlerSet@PAC1711_i2c$F2970		CODE           	182A8	0000	4

./PAC1711_i2c.h estimated size: 438

mcc_generated_files/system/src/clock.c
		_CLOCK_Initialize		CODE           	18144	0000	20

mcc_generated_files/system/src/clock.c estimated size: 20

C:\Program Files\Microchip\xc8\v3.10\pic\sources\c99\common\flneg.c
		___flneg       		CODE           	17D44	0000	46

C:\Program Files\Microchip\xc8\v3.10\pic\sources\c99\common\flneg.c estimated size: 46

mcc_generated_files/timer/src/tmr0.c
		_TMR0_OverflowCallbackRegister		CODE           	181C8	0000	14
		_TMR0_DefaultOverflowCallback		CODE           	182BC	0000	2
		_TMR0_OverflowISR		CODE           	17EE0	0000	38
		_TMR0_Initialize		CODE           	17F06	0000	36
		_TMR0_Stop     		CODE           	1827A	0000	6
		_TMR0_Start    		CODE           	18280	0000	6

mcc_generated_files/timer/src/tmr0.c estimated size: 102

C:\Program Files\Microchip\xc8\v3.10\pic\sources\c99\common\doprnt.c
		_vfpfcnvrt     		CODE           	11804	0000	1204
		_efgtoa        		CODE           	10AC6	0000	2152
		_pad           		CODE           	17438	0000	82
		_vfprintf      		CODE           	176A2	0000	72

C:\Program Files\Microchip\xc8\v3.10\pic\sources\c99\common\doprnt.c estimated size: 3510

main.c
		_main          		CODE           	17B9E	0000	58
		_SYS_Tasks     		CODE           	1822E	0000	10

main.c estimated size: 68

C:\Program Files\Microchip\xc8\v3.10\pic\sources\c99\common\labs.c
		_labs          		CODE           	1760E	0000	74

C:\Program Files\Microchip\xc8\v3.10\pic\sources\c99\common\labs.c estimated size: 74

C:\Program Files\Microchip\xc8\v3.10\pic\sources\c99\common\sprcadd.c
		___flsub       		CODE           	177C2	0000	70
		___fladd       		CODE           	128F0	0000	776

C:\Program Files\Microchip\xc8\v3.10\pic\sources\c99\common\sprcadd.c estimated size: 846

C:\Program Files\Microchip\xc8\v3.10\pic\sources\c99\common\xotofl.c
		___xotofl      		CODE           	13364	0000	568

C:\Program Files\Microchip\xc8\v3.10\pic\sources\c99\common\xotofl.c estimated size: 568

mcc_generated_files/system/src/system.c
		_SYSTEM_Initialize		CODE           	18040	0000	26

mcc_generated_files/system/src/system.c estimated size: 26

./PAC1711_mutex.h
		_PAC1711_MUTEX_Unlock@PAC1711_mutex$F2993		CODE           	182B4	0000	2
		_PAC1711_MUTEX_Create@PAC1711_mutex$F2987		CODE           	182A4	0000	4
		_PAC1711_MUTEX_Lock@PAC1711_mutex$F2990		CODE           	182AC	0000	4

./PAC1711_mutex.h estimated size: 10

